Epoch 1 trg loss:4.069946667977741
Epoch 2 trg loss:4.827416381665638
Epoch 3 trg loss:5.041090777942112
Epoch 4 trg loss:5.114074979509626
Epoch 5 trg loss:4.527589227472033
EvaluatingTesting on epoch 5...
M: 7144 / 7144 NDCG_m: 0.07390699158282577, HT_m: 0.1534154535274356, avgrank_m: 45.28835386338186
A: 1318 / 7144 NDCG_a: 0.11648629044495783, HT_a: 0.2503793626707132, avgrank_a: 36.99772382397572
B: 3208 / 7144 NDCG_b: 0.7252328425899811, HT_b: 0.9149002493765586, avgrank_b: 3.5
Validating on epoch 5
M: 7144 / 7144 NDCG_m: 0.07704792863631336, HT_m: 0.16489361702127658, avgrank_m: 43.400895856662935, val_loss_m: 2.693221684065538
A: 2837 / 7144 NDCG_a: 0.13200617084210345, HT_a: 0.2738808600634473, avgrank_a: 33.78216425801904, val_loss_a: 2.180388100201032
B: 4307 / 7144 NDCG_b: 0.6955469491531915, HT_b: 0.8801950313443232, avgrank_b: 4.674251218945902, val_loss_b: 0.5630704099496224
epoch:5, time taken: 23.295352(s), valid (NDCG@10: 0.0770, HR@10: 0.1649, validLoss: 2.6932), test (NDCG@10: 0.0739, HR@10: 0.1534)
Epoch 6 trg loss:3.980437329837254
Epoch 7 trg loss:4.217047389064517
Epoch 8 trg loss:4.776579937764576
Epoch 9 trg loss:5.040797310216086
Epoch 10 trg loss:4.516636324780328
EvaluatingTesting on epoch 10...
M: 7144 / 7144 NDCG_m: 0.08260490707676202, HT_m: 0.17315229563269877, avgrank_m: 41.64249720044793
A: 1318 / 7144 NDCG_a: 0.11562146583322647, HT_a: 0.24355083459787558, avgrank_a: 35.91729893778452
B: 3208 / 7144 NDCG_b: 0.8428559727212517, HT_b: 0.9432668329177057, avgrank_b: 2.364713216957606
Validating on epoch 10
M: 7144 / 7144 NDCG_m: 0.08481151811328609, HT_m: 0.17329227323628218, avgrank_m: 41.50265957446808, val_loss_m: 2.3849855273010885
A: 2837 / 7144 NDCG_a: 0.13115017552804387, HT_a: 0.26753612971448715, avgrank_a: 34.675361297144875, val_loss_a: 2.266927812567554
B: 4307 / 7144 NDCG_b: 0.8037360855572242, HT_b: 0.9110749941954958, avgrank_b: 3.363129788716044, val_loss_b: 0.5810390624907694
epoch:10, time taken: 20.776650(s), valid (NDCG@10: 0.0848, HR@10: 0.1733, validLoss: 2.3850), test (NDCG@10: 0.0826, HR@10: 0.1732)
Epoch 11 trg loss:4.313547790050507
Epoch 12 trg loss:4.055791084255491
Epoch 13 trg loss:4.405843581472125
Epoch 14 trg loss:4.5887923283236365
Epoch 15 trg loss:5.0968310577528815
EvaluatingTesting on epoch 15...
M: 7144 / 7144 NDCG_m: 0.0949817969493107, HT_m: 0.19134938409854424, avgrank_m: 41.33622620380739
A: 1318 / 7144 NDCG_a: 0.1675170616766678, HT_a: 0.3179059180576631, avgrank_a: 35.05083459787557
B: 3208 / 7144 NDCG_b: 0.700165373914007, HT_b: 0.8937032418952618, avgrank_b: 3.985660847880299
Validating on epoch 15
M: 7144 / 7144 NDCG_m: 0.09362099870388589, HT_m: 0.18826987681970886, avgrank_m: 40.42749160134378, val_loss_m: 3.494116563195611
A: 2837 / 7144 NDCG_a: 0.18053249156715648, HT_a: 0.338385618611209, avgrank_a: 32.473739866055695, val_loss_a: 2.453187779952491
B: 4307 / 7144 NDCG_b: 0.6803286534498617, HT_b: 0.87369398653355, avgrank_b: 4.440445785929882, val_loss_b: 0.8307264745806302
epoch:15, time taken: 20.738679(s), valid (NDCG@10: 0.0936, HR@10: 0.1883, validLoss: 3.4941), test (NDCG@10: 0.0950, HR@10: 0.1913)
Epoch 16 trg loss:4.73994734457561
Epoch 17 trg loss:4.491391113826206
Epoch 18 trg loss:4.337414222104209
Epoch 19 trg loss:4.641261130571365
Epoch 20 trg loss:4.953232901436942
EvaluatingTesting on epoch 20...
M: 7144 / 7144 NDCG_m: 0.1268706538126618, HT_m: 0.25503919372900336, avgrank_m: 37.805851063829785
A: 1318 / 7144 NDCG_a: 0.08215215023875701, HT_a: 0.17223065250379363, avgrank_a: 40.97875569044006
B: 3208 / 7144 NDCG_b: 0.698549265145252, HT_b: 0.8659600997506235, avgrank_b: 5.503117206982544
Validating on epoch 20
M: 7144 / 7144 NDCG_m: 0.16165816442981035, HT_m: 0.3079507278835386, avgrank_m: 33.974104143337065, val_loss_m: 4.133548263548002
A: 2837 / 7144 NDCG_a: 0.09830873208822363, HT_a: 0.19950652097285865, avgrank_a: 39.22382798731054, val_loss_a: 3.24830367914337
B: 4307 / 7144 NDCG_b: 0.6983864360616016, HT_b: 0.8667285813791502, avgrank_b: 5.191548641745995, val_loss_b: 1.0010926590444027
epoch:20, time taken: 20.850367(s), valid (NDCG@10: 0.1617, HR@10: 0.3080, validLoss: 4.1335), test (NDCG@10: 0.1269, HR@10: 0.2550)
Epoch 21 trg loss:4.618937641382217
Epoch 22 trg loss:4.308377359594617
Epoch 23 trg loss:4.422023402793067
Epoch 24 trg loss:4.352692638124738
Epoch 25 trg loss:4.2330896726676395
EvaluatingTesting on epoch 25...
M: 7144 / 7144 NDCG_m: 0.09512535935297714, HT_m: 0.197508398656215, avgrank_m: 41.70548712206047
A: 1318 / 7144 NDCG_a: 0.06463900463497867, HT_a: 0.13353566009104703, avgrank_a: 43.62443095599393
B: 3208 / 7144 NDCG_b: 0.7184030079180596, HT_b: 0.8609725685785536, avgrank_b: 5.962281795511222
Validating on epoch 25
M: 7144 / 7144 NDCG_m: 0.10600960404036214, HT_m: 0.20940649496080627, avgrank_m: 40.38885778275476, val_loss_m: 2.474941179965605
A: 2837 / 7144 NDCG_a: 0.07529723405741161, HT_a: 0.1533309834332041, avgrank_a: 42.84102925625661, val_loss_a: 2.158247415368978
B: 4307 / 7144 NDCG_b: 0.7028823068566252, HT_b: 0.8469932667750174, avgrank_b: 6.340143951706525, val_loss_b: 0.9339135248730375
epoch:25, time taken: 20.807681(s), valid (NDCG@10: 0.1060, HR@10: 0.2094, validLoss: 2.4749), test (NDCG@10: 0.0951, HR@10: 0.1975)
5 epochs since the last improvement in Validation NDCG/HR
Epoch 26 trg loss:4.60691517165729
Epoch 27 trg loss:4.510863389287676
Epoch 28 trg loss:4.364030399492809
Epoch 29 trg loss:4.092512943914959
Epoch 30 trg loss:4.330026796885899
EvaluatingTesting on epoch 30...
M: 7144 / 7144 NDCG_m: 0.07507663148364652, HT_m: 0.15201567749160133, avgrank_m: 44.47816349384099
A: 1318 / 7144 NDCG_a: 0.12777861233873286, HT_a: 0.2283763277693475, avgrank_a: 39.250379362670714
B: 3208 / 7144 NDCG_b: 0.715749391798307, HT_b: 0.8659600997506235, avgrank_b: 5.307668329177058
Validating on epoch 30
M: 7144 / 7144 NDCG_m: 0.08015137307641072, HT_m: 0.16265397536394177, avgrank_m: 42.27407614781635, val_loss_m: 3.607761016117632
A: 2837 / 7144 NDCG_a: 0.13654276378290744, HT_a: 0.25414169897779343, avgrank_a: 36.22594289742686, val_loss_a: 3.686797299875018
B: 4307 / 7144 NDCG_b: 0.6995439473350252, HT_b: 0.8511725098676574, avgrank_b: 5.711632226607848, val_loss_b: 1.0753314894670978
epoch:30, time taken: 20.785759(s), valid (NDCG@10: 0.0802, HR@10: 0.1627, validLoss: 3.6078), test (NDCG@10: 0.0751, HR@10: 0.1520)
10 epochs since the last improvement in Validation NDCG/HR
Epoch 31 trg loss:4.622327072279794
Epoch 32 trg loss:4.7464781275817325
Epoch 33 trg loss:4.995488005025046
Epoch 34 trg loss:5.422341568129403
Epoch 35 trg loss:5.1323343600545615
EvaluatingTesting on epoch 35...
M: 7144 / 7144 NDCG_m: 0.11540329112487889, HT_m: 0.2236842105263158, avgrank_m: 39.464165733482645
A: 1318 / 7144 NDCG_a: 0.14845883917575084, HT_a: 0.2746585735963581, avgrank_a: 35.87860394537177
B: 3208 / 7144 NDCG_b: 0.7308918829351353, HT_b: 0.9286159600997507, avgrank_b: 3.2646508728179553
Validating on epoch 35
M: 7144 / 7144 NDCG_m: 0.11816775725093218, HT_m: 0.23194288913773797, avgrank_m: 37.880459126539755, val_loss_m: 2.6154973434006914
A: 2837 / 7144 NDCG_a: 0.1652279266082449, HT_a: 0.3017271765949947, avgrank_a: 33.12477969686288, val_loss_a: 3.3118925745906567
B: 4307 / 7144 NDCG_b: 0.7000414900502525, HT_b: 0.8950545623403762, avgrank_b: 4.159507778035755, val_loss_b: 0.589857135845955
epoch:35, time taken: 20.725975(s), valid (NDCG@10: 0.1182, HR@10: 0.2319, validLoss: 2.6155), test (NDCG@10: 0.1154, HR@10: 0.2237)
15 epochs since the last improvement in Validation NDCG/HR
Epoch 36 trg loss:4.551634988614491
Epoch 37 trg loss:4.266721095357623
Epoch 38 trg loss:4.545555757624762
Epoch 39 trg loss:4.897079182522638
Epoch 40 trg loss:4.710155768053872
EvaluatingTesting on epoch 40...
M: 7144 / 7144 NDCG_m: 0.06121528526629272, HT_m: 0.13199888017917133, avgrank_m: 46.41797312430011
A: 1318 / 7144 NDCG_a: 0.057500604800942205, HT_a: 0.12898330804248861, avgrank_a: 45.81790591805766
B: 3208 / 7144 NDCG_b: 0.7918666950489504, HT_b: 0.9404613466334164, avgrank_b: 2.8472568578553616
Validating on epoch 40
M: 7144 / 7144 NDCG_m: 0.07176990688278978, HT_m: 0.15005599104143338, avgrank_m: 45.257138857782756, val_loss_m: 3.2996880232720467
A: 2837 / 7144 NDCG_a: 0.06513813865780753, HT_a: 0.13746915756080366, avgrank_a: 44.25167430384209, val_loss_a: 3.66817480970698
B: 4307 / 7144 NDCG_b: 0.7594027192744399, HT_b: 0.9048061295565358, avgrank_b: 3.9484560018574415, val_loss_b: 0.8858121255862899
epoch:40, time taken: 20.669695(s), valid (NDCG@10: 0.0718, HR@10: 0.1501, validLoss: 3.2997), test (NDCG@10: 0.0612, HR@10: 0.1320)
20 epochs since the last improvement in Validation NDCG/HR
Epoch 41 trg loss:4.7721810681479315
Epoch 42 trg loss:5.716914760214942
Epoch 43 trg loss:5.759318181446621
Epoch 44 trg loss:4.486002790076392
Epoch 45 trg loss:4.694268635341099
EvaluatingTesting on epoch 45...
M: 7144 / 7144 NDCG_m: 0.07775325797433524, HT_m: 0.1549552071668533, avgrank_m: 45.57208846584547
A: 1318 / 7144 NDCG_a: 0.07473930881531397, HT_a: 0.15326251896813353, avgrank_a: 45.8937784522003
B: 3208 / 7144 NDCG_b: 0.646120686484981, HT_b: 0.8603491271820449, avgrank_b: 7.235349127182045
Validating on epoch 45
M: 7144 / 7144 NDCG_m: 0.08627417531919855, HT_m: 0.16545352743561031, avgrank_m: 42.912653975363945, val_loss_m: 3.289627265122543
A: 2837 / 7144 NDCG_a: 0.07456713587075545, HT_a: 0.14628128304547056, avgrank_a: 44.36411702502644, val_loss_a: 3.5116805486541254
B: 4307 / 7144 NDCG_b: 0.6173047765258065, HT_b: 0.8393313211051776, avgrank_b: 7.160900859066635, val_loss_b: 1.2176544213062488
epoch:45, time taken: 20.663601(s), valid (NDCG@10: 0.0863, HR@10: 0.1655, validLoss: 3.2896), test (NDCG@10: 0.0778, HR@10: 0.1550)
25 epochs since the last improvement in Validation NDCG/HR
Epoch 46 trg loss:5.386190141950335
Epoch 47 trg loss:5.027605026960373
Epoch 48 trg loss:4.513106993266514
Epoch 49 trg loss:4.60407772234508
Epoch 50 trg loss:5.721994251012802
EvaluatingTesting on epoch 50...
M: 7144 / 7144 NDCG_m: 0.13747799682974202, HT_m: 0.26833706606942886, avgrank_m: 37.34924412094065
A: 1318 / 7144 NDCG_a: 0.15192123793799917, HT_a: 0.3118361153262519, avgrank_a: 35.24051593323217
B: 3208 / 7144 NDCG_b: 0.6506099857967593, HT_b: 0.9173940149625935, avgrank_b: 4.101309226932669
Validating on epoch 50
M: 7144 / 7144 NDCG_m: 0.1586253992202929, HT_m: 0.30655095184770437, avgrank_m: 34.42077267637178, val_loss_m: 4.983054380467597
A: 2837 / 7144 NDCG_a: 0.17152686305432008, HT_a: 0.33697567853366234, avgrank_a: 32.46633768064857, val_loss_a: 4.6785771316590345
B: 4307 / 7144 NDCG_b: 0.6415670740787499, HT_b: 0.8990016252612026, avgrank_b: 4.638727652658463, val_loss_b: 0.7716188239323337
epoch:50, time taken: 20.714107(s), valid (NDCG@10: 0.1586, HR@10: 0.3066, validLoss: 4.9831), test (NDCG@10: 0.1375, HR@10: 0.2683)
30 epochs since the last improvement in Validation NDCG/HR
Epoch 51 trg loss:5.243001788854599
Epoch 52 trg loss:4.311609838690076
Epoch 53 trg loss:4.396418035030365
Epoch 54 trg loss:5.393598186118262
Epoch 55 trg loss:5.159508611474719
EvaluatingTesting on epoch 55...
M: 7144 / 7144 NDCG_m: 0.15085750541314558, HT_m: 0.2813549832026876, avgrank_m: 38.608202687569985
A: 1318 / 7144 NDCG_a: 0.16849350727539644, HT_a: 0.3110773899848255, avgrank_a: 35.21471927162367
B: 3208 / 7144 NDCG_b: 0.7125140584197194, HT_b: 0.8712593516209476, avgrank_b: 5.298940149625935
Validating on epoch 55
M: 7144 / 7144 NDCG_m: 0.1764106835015035, HT_m: 0.3204087346024636, avgrank_m: 34.61422172452408, val_loss_m: 3.7279258657159224
A: 2837 / 7144 NDCG_a: 0.1896390298619006, HT_a: 0.3524850193866761, avgrank_a: 32.370461755375395, val_loss_a: 3.8294900079239076
B: 4307 / 7144 NDCG_b: 0.6927985228315505, HT_b: 0.8611562572556304, avgrank_b: 5.5525888089157185, val_loss_b: 1.0047626112357892
epoch:55, time taken: 20.702589(s), valid (NDCG@10: 0.1764, HR@10: 0.3204, validLoss: 3.7279), test (NDCG@10: 0.1509, HR@10: 0.2814)
Epoch 56 trg loss:4.445237743003028
Epoch 57 trg loss:4.489726534911564
Epoch 58 trg loss:5.365122348070145
Epoch 59 trg loss:5.227947912045887
Epoch 60 trg loss:4.542402650628771
EvaluatingTesting on epoch 60...
M: 7144 / 7144 NDCG_m: 0.044188286262615284, HT_m: 0.09000559910414334, avgrank_m: 51.58118701007839
A: 1318 / 7144 NDCG_a: 0.06006312216331553, HT_a: 0.11836115326251896, avgrank_a: 49.92943854324734
B: 3208 / 7144 NDCG_b: 0.7741591069421022, HT_b: 0.9173940149625935, avgrank_b: 3.136221945137157
Validating on epoch 60
M: 7144 / 7144 NDCG_m: 0.04421917228064316, HT_m: 0.09588465845464726, avgrank_m: 50.52967525195969, val_loss_m: 3.707543982595439
A: 2837 / 7144 NDCG_a: 0.05356169201369655, HT_a: 0.11173775114557631, avgrank_a: 50.089883679943604, val_loss_a: 3.4263995764412676
B: 4307 / 7144 NDCG_b: 0.7455791347055528, HT_b: 0.8927327606222428, avgrank_b: 3.75992570234502, val_loss_b: 0.8792324857684668
epoch:60, time taken: 20.833008(s), valid (NDCG@10: 0.0442, HR@10: 0.0959, validLoss: 3.7075), test (NDCG@10: 0.0442, HR@10: 0.0900)
5 epochs since the last improvement in Validation NDCG/HR
Epoch 61 trg loss:4.515790266650064
Epoch 62 trg loss:5.455831740583692
Epoch 63 trg loss:5.101384213992527
Epoch 64 trg loss:4.218321740627289
Epoch 65 trg loss:4.363442459276745
EvaluatingTesting on epoch 65...
M: 7144 / 7144 NDCG_m: 0.05632039410580264, HT_m: 0.11268197088465845, avgrank_m: 50.671612541993284
A: 1318 / 7144 NDCG_a: 0.03889001863463562, HT_a: 0.0819423368740516, avgrank_a: 50.08497723823976
B: 3208 / 7144 NDCG_b: 0.7998174682547681, HT_b: 0.9120947630922693, avgrank_b: 2.870635910224439
Validating on epoch 65
M: 7144 / 7144 NDCG_m: 0.05542674724903024, HT_m: 0.11352183650615902, avgrank_m: 48.93561030235163, val_loss_m: 3.5641921613227745
A: 2837 / 7144 NDCG_a: 0.04464955890781808, HT_a: 0.09975326048642932, avgrank_a: 47.99118787451533, val_loss_a: 3.7132301302833546
B: 4307 / 7144 NDCG_b: 0.776962476579913, HT_b: 0.8897144183886696, avgrank_b: 3.48502437891804, val_loss_b: 0.7681667201613671
epoch:65, time taken: 20.705412(s), valid (NDCG@10: 0.0554, HR@10: 0.1135, validLoss: 3.5642), test (NDCG@10: 0.0563, HR@10: 0.1127)
10 epochs since the last improvement in Validation NDCG/HR
Epoch 66 trg loss:5.4583843903882165
Epoch 67 trg loss:5.2800217526299615
Epoch 68 trg loss:4.464396800313677
Epoch 69 trg loss:4.345196928296771
Epoch 70 trg loss:5.130185672215053
EvaluatingTesting on epoch 70...
M: 7144 / 7144 NDCG_m: 0.15547238051669282, HT_m: 0.2879339305711086, avgrank_m: 36.60498320268757
A: 1318 / 7144 NDCG_a: 0.1726769802911191, HT_a: 0.3171471927162367, avgrank_a: 34.34597875569044
B: 3208 / 7144 NDCG_b: 0.7447489001674674, HT_b: 0.8940149625935162, avgrank_b: 3.8273067331670823
Validating on epoch 70
M: 7144 / 7144 NDCG_m: 0.1778168104285348, HT_m: 0.3328667413213886, avgrank_m: 33.88283874580067, val_loss_m: 3.9537850820062075
A: 2837 / 7144 NDCG_a: 0.19383268919703, HT_a: 0.3581247796968629, avgrank_a: 31.984843144166373, val_loss_a: 4.062038155542447
B: 4307 / 7144 NDCG_b: 0.7224987186247149, HT_b: 0.8808915718597632, avgrank_b: 4.380775481773856, val_loss_b: 0.811187433833544
epoch:70, time taken: 20.877300(s), valid (NDCG@10: 0.1778, HR@10: 0.3329, validLoss: 3.9538), test (NDCG@10: 0.1555, HR@10: 0.2879)
Epoch 71 trg loss:4.599673313753946
Epoch 72 trg loss:4.241585352591106
Epoch 73 trg loss:4.14483431833131
Epoch 74 trg loss:5.337884392057147
Epoch 75 trg loss:5.1396476328372955
EvaluatingTesting on epoch 75...
M: 7144 / 7144 NDCG_m: 0.14738163116778574, HT_m: 0.2891937290033595, avgrank_m: 35.818169092945126
A: 1318 / 7144 NDCG_a: 0.1785653997655031, HT_a: 0.34218512898330805, avgrank_a: 31.87784522003035
B: 3208 / 7144 NDCG_b: 0.8543756628976498, HT_b: 0.9398379052369077, avgrank_b: 2.255299251870324
Validating on epoch 75
M: 7144 / 7144 NDCG_m: 0.17907171742018435, HT_m: 0.33874580067189247, avgrank_m: 32.46038633818589, val_loss_m: 3.042663670867715
A: 2837 / 7144 NDCG_a: 0.2033592628003303, HT_a: 0.38526612618963696, avgrank_a: 30.169897779344378, val_loss_a: 3.2845015900421615
B: 4307 / 7144 NDCG_b: 0.8188445660214189, HT_b: 0.9117715347109356, avgrank_b: 3.2735082423960993, val_loss_b: 0.7509907140985342
epoch:75, time taken: 20.635763(s), valid (NDCG@10: 0.1791, HR@10: 0.3387, validLoss: 3.0427), test (NDCG@10: 0.1474, HR@10: 0.2892)
Epoch 76 trg loss:4.215754981551852
Epoch 77 trg loss:4.351331693785531
Epoch 78 trg loss:5.335418360573905
Epoch 79 trg loss:5.140754188810076
Epoch 80 trg loss:4.3032373913696835
EvaluatingTesting on epoch 80...
M: 7144 / 7144 NDCG_m: 0.06539833375761359, HT_m: 0.13269876819708848, avgrank_m: 46.067329227323626
A: 1318 / 7144 NDCG_a: 0.07237738603165181, HT_a: 0.1418816388467375, avgrank_a: 45.06525037936267
B: 3208 / 7144 NDCG_b: 0.859182050817779, HT_b: 0.9382793017456359, avgrank_b: 1.9183291770573565
Validating on epoch 80
M: 7144 / 7144 NDCG_m: 0.07364181371190305, HT_m: 0.15425531914893617, avgrank_m: 43.327827547592385, val_loss_m: 3.4451911969471216
A: 2837 / 7144 NDCG_a: 0.07816727086695603, HT_a: 0.1561508635882975, avgrank_a: 43.49947127247092, val_loss_a: 3.199135052767025
B: 4307 / 7144 NDCG_b: 0.8122406626453291, HT_b: 0.902716508010216, avgrank_b: 3.088925005804504, val_loss_b: 0.7025213295099545
epoch:80, time taken: 20.708843(s), valid (NDCG@10: 0.0736, HR@10: 0.1543, validLoss: 3.4452), test (NDCG@10: 0.0654, HR@10: 0.1327)
5 epochs since the last improvement in Validation NDCG/HR
Epoch 81 trg loss:4.273644775152206
Epoch 82 trg loss:4.772324574845178
Epoch 83 trg loss:4.604092725685665
Epoch 84 trg loss:4.247267646448953
Epoch 85 trg loss:4.29248509662492
EvaluatingTesting on epoch 85...
M: 7144 / 7144 NDCG_m: 0.06931577166189892, HT_m: 0.14375699888017918, avgrank_m: 45.98684210526316
A: 1318 / 7144 NDCG_a: 0.06877456176517274, HT_a: 0.15022761760242792, avgrank_a: 43.63277693474962
B: 3208 / 7144 NDCG_b: 0.7363657499798992, HT_b: 0.8731296758104738, avgrank_b: 3.9675810473815463
Validating on epoch 85
M: 7144 / 7144 NDCG_m: 0.0723943872034312, HT_m: 0.1528555431131019, avgrank_m: 44.39683650615901, val_loss_m: 3.351238908118924
A: 2837 / 7144 NDCG_a: 0.08177635200335308, HT_a: 0.1681353542474445, avgrank_a: 41.9072964399013, val_loss_a: 3.3559995143397576
B: 4307 / 7144 NDCG_b: 0.6992326906994943, HT_b: 0.8490828883213374, avgrank_b: 4.888089157185976, val_loss_b: 0.8428636208256187
epoch:85, time taken: 20.860690(s), valid (NDCG@10: 0.0724, HR@10: 0.1529, validLoss: 3.3512), test (NDCG@10: 0.0693, HR@10: 0.1438)
10 epochs since the last improvement in Validation NDCG/HR
Epoch 86 trg loss:4.923342428037098
Epoch 87 trg loss:4.885735937527248
Epoch 88 trg loss:4.117822532142911
Epoch 89 trg loss:4.123996342931475
Epoch 90 trg loss:4.990259417465755
EvaluatingTesting on epoch 90...
M: 7144 / 7144 NDCG_m: 0.10518030068273497, HT_m: 0.20674692049272117, avgrank_m: 40.70688689809631
A: 1318 / 7144 NDCG_a: 0.11720230981890321, HT_a: 0.2276176024279211, avgrank_a: 37.895295902883156
B: 3208 / 7144 NDCG_b: 0.811644507209303, HT_b: 0.9438902743142145, avgrank_b: 2.644638403990025
Validating on epoch 90
M: 7144 / 7144 NDCG_m: 0.12764555182585932, HT_m: 0.24608062709966405, avgrank_m: 37.26161814109742, val_loss_m: 4.045462630547307
A: 2837 / 7144 NDCG_a: 0.12406360832457954, HT_a: 0.23757490306661966, avgrank_a: 36.371871695452946, val_loss_a: 3.937138051477418
B: 4307 / 7144 NDCG_b: 0.7904346446560934, HT_b: 0.922684002786162, avgrank_b: 3.183886696076155, val_loss_b: 0.8318864610604033
epoch:90, time taken: 20.645830(s), valid (NDCG@10: 0.1276, HR@10: 0.2461, validLoss: 4.0455), test (NDCG@10: 0.1052, HR@10: 0.2067)
15 epochs since the last improvement in Validation NDCG/HR
Epoch 91 trg loss:5.099391864878791
Epoch 92 trg loss:4.455874153545925
Epoch 93 trg loss:4.383670402424676
Epoch 94 trg loss:4.89024863924299
Epoch 95 trg loss:4.818259426525661
EvaluatingTesting on epoch 95...
M: 7144 / 7144 NDCG_m: 0.13822971567041398, HT_m: 0.2656774916013438, avgrank_m: 37.360442329227325
A: 1318 / 7144 NDCG_a: 0.16062933416873054, HT_a: 0.29817905918057663, avgrank_a: 35.30804248861912
B: 3208 / 7144 NDCG_b: 0.8696959191188215, HT_b: 0.9451371571072319, avgrank_b: 2.2169576059850375
Validating on epoch 95
M: 7144 / 7144 NDCG_m: 0.15995039494793165, HT_m: 0.30221164613661816, avgrank_m: 34.73978163493841, val_loss_m: 4.07816395349592
A: 2837 / 7144 NDCG_a: 0.17999424667529412, HT_a: 0.3306309481847021, avgrank_a: 33.47409235107508, val_loss_a: 3.6937085989919143
B: 4307 / 7144 NDCG_b: 0.8427205901508437, HT_b: 0.9303459484560018, avgrank_b: 2.819596006501045, val_loss_b: 0.8049526577510523
epoch:95, time taken: 20.757900(s), valid (NDCG@10: 0.1600, HR@10: 0.3022, validLoss: 4.0782), test (NDCG@10: 0.1382, HR@10: 0.2657)
20 epochs since the last improvement in Validation NDCG/HR
Epoch 96 trg loss:4.337517887353897
Epoch 97 trg loss:4.16816372530801
Epoch 98 trg loss:4.785675223384585
Epoch 99 trg loss:4.891964695283344
Epoch 100 trg loss:4.17135095170566
EvaluatingTesting on epoch 100...
M: 7144 / 7144 NDCG_m: 0.07754225756309463, HT_m: 0.15355543113101905, avgrank_m: 45.920912653975364
A: 1318 / 7144 NDCG_a: 0.07563843626313173, HT_a: 0.16160849772382396, avgrank_a: 43.431714719271625
B: 3208 / 7144 NDCG_b: 0.8078995523255329, HT_b: 0.9233167082294265, avgrank_b: 2.7359725685785534
Validating on epoch 100
M: 7144 / 7144 NDCG_m: 0.08632527534635435, HT_m: 0.16265397536394177, avgrank_m: 43.63255879059351, val_loss_m: 3.636214496949552
A: 2837 / 7144 NDCG_a: 0.08502158912566198, HT_a: 0.16848783926683117, avgrank_a: 43.170250264363766, val_loss_a: 3.3095116524533315
B: 4307 / 7144 NDCG_b: 0.7714918512705946, HT_b: 0.8950545623403762, avgrank_b: 3.647318319015556, val_loss_b: 0.7198084895115234
epoch:100, time taken: 20.670172(s), valid (NDCG@10: 0.0863, HR@10: 0.1627, validLoss: 3.6362), test (NDCG@10: 0.0775, HR@10: 0.1536)
25 epochs since the last improvement in Validation NDCG/HR
Epoch 101 trg loss:4.230271113770349
Epoch 102 trg loss:4.899401217699051
Epoch 103 trg loss:5.0356661805084775
Epoch 104 trg loss:4.44335355077471
Epoch 105 trg loss:4.278757908514568
EvaluatingTesting on epoch 105...
M: 7144 / 7144 NDCG_m: 0.06347129444677761, HT_m: 0.12793952967525196, avgrank_m: 45.702407614781634
A: 1318 / 7144 NDCG_a: 0.06702310012216037, HT_a: 0.12215477996965099, avgrank_a: 45.88543247344461
B: 3208 / 7144 NDCG_b: 0.7421334622053265, HT_b: 0.8908977556109726, avgrank_b: 3.8251246882793017
Validating on epoch 105
M: 7144 / 7144 NDCG_m: 0.06621612784879768, HT_m: 0.13353863381858902, avgrank_m: 45.37472004479283, val_loss_m: 3.4489029813954173
A: 2837 / 7144 NDCG_a: 0.06460051399360027, HT_a: 0.12195981670778992, avgrank_a: 47.35389495946422, val_loss_a: 3.607903072058335
B: 4307 / 7144 NDCG_b: 0.6965031976165068, HT_b: 0.8541908521012306, avgrank_b: 4.726027397260274, val_loss_b: 0.8219924027142155
epoch:105, time taken: 20.644767(s), valid (NDCG@10: 0.0662, HR@10: 0.1335, validLoss: 3.4489), test (NDCG@10: 0.0635, HR@10: 0.1279)
30 epochs since the last improvement in Validation NDCG/HR
Epoch 106 trg loss:4.834811704499381
Epoch 107 trg loss:5.178450584411621
Epoch 108 trg loss:4.490164020231792
Epoch 109 trg loss:4.0699843381132395
Epoch 110 trg loss:4.189875985894885
EvaluatingTesting on epoch 110...
M: 7144 / 7144 NDCG_m: 0.09326389629714829, HT_m: 0.1812709966405375, avgrank_m: 42.42679171332587
A: 1318 / 7144 NDCG_a: 0.0963134176634594, HT_a: 0.19044006069802732, avgrank_a: 39.59104704097117
B: 3208 / 7144 NDCG_b: 0.8783131339515755, HT_b: 0.939214463840399, avgrank_b: 2.4576059850374063
Validating on epoch 110
M: 7144 / 7144 NDCG_m: 0.09673277949845625, HT_m: 0.19022956326987683, avgrank_m: 40.576707726763715, val_loss_m: 3.016331223881525
A: 2837 / 7144 NDCG_a: 0.0958727720820742, HT_a: 0.18787451533309835, avgrank_a: 39.271060979908356, val_loss_a: 3.139618241108342
B: 4307 / 7144 NDCG_b: 0.8380842804617787, HT_b: 0.9057348502437892, avgrank_b: 3.3726491757603902, val_loss_b: 0.8122247753434345
epoch:110, time taken: 20.730814(s), valid (NDCG@10: 0.0967, HR@10: 0.1902, validLoss: 3.0163), test (NDCG@10: 0.0933, HR@10: 0.1813)
35 epochs since the last improvement in Validation NDCG/HR
Epoch 111 trg loss:4.859555568013873
Epoch 112 trg loss:4.799241291625159
Epoch 113 trg loss:4.0214881386075705
Epoch 114 trg loss:4.1254922747612
Epoch 115 trg loss:5.1078888688768656
EvaluatingTesting on epoch 115...
M: 7144 / 7144 NDCG_m: 0.09467256211508161, HT_m: 0.1881298992161254, avgrank_m: 41.891797312430015
A: 1318 / 7144 NDCG_a: 0.13217106725735897, HT_a: 0.2503793626707132, avgrank_a: 38.13960546282246
B: 3208 / 7144 NDCG_b: 0.7490409030995784, HT_b: 0.89214463840399, avgrank_b: 4.184850374064838
Validating on epoch 115
M: 7144 / 7144 NDCG_m: 0.1033696748600727, HT_m: 0.20212765957446807, avgrank_m: 39.06396976483762, val_loss_m: 4.687147097359646
A: 2837 / 7144 NDCG_a: 0.1269449836481053, HT_a: 0.24180472329925978, avgrank_a: 36.83961931617906, val_loss_a: 4.3771466421417085
B: 4307 / 7144 NDCG_b: 0.7341112666136399, HT_b: 0.87717668911075, avgrank_b: 4.583468771766891, val_loss_b: 1.2437870620276552
epoch:115, time taken: 20.761178(s), valid (NDCG@10: 0.1034, HR@10: 0.2021, validLoss: 4.6871), test (NDCG@10: 0.0947, HR@10: 0.1881)
40 epochs since the last improvement in Validation NDCG/HR
Epoch 116 trg loss:5.392159249101367
Epoch 117 trg loss:4.146132171154022
Epoch 118 trg loss:4.18624757868903
Epoch 119 trg loss:4.424538565533502
Epoch 120 trg loss:4.675007377352033
EvaluatingTesting on epoch 120...
M: 7144 / 7144 NDCG_m: 0.14179495724208405, HT_m: 0.26539753639417696, avgrank_m: 38.215845464725646
A: 1318 / 7144 NDCG_a: 0.15285700515757172, HT_a: 0.2731411229135053, avgrank_a: 36.713960546282244
B: 3208 / 7144 NDCG_b: 0.8668266067647288, HT_b: 0.9451371571072319, avgrank_b: 2.3656483790523692
Validating on epoch 120
M: 7144 / 7144 NDCG_m: 0.15507100916852737, HT_m: 0.28401455767077266, avgrank_m: 35.69652855543113, val_loss_m: 4.193345818347386
A: 2837 / 7144 NDCG_a: 0.16590260438277346, HT_a: 0.2932675361297145, avgrank_a: 34.02608389143462, val_loss_a: 3.935947757100067
B: 4307 / 7144 NDCG_b: 0.8293726098435391, HT_b: 0.9171116786626422, avgrank_b: 3.351288599953564, val_loss_b: 0.9980188120136633
epoch:120, time taken: 20.665299(s), valid (NDCG@10: 0.1551, HR@10: 0.2840, validLoss: 4.1933), test (NDCG@10: 0.1418, HR@10: 0.2654)
45 epochs since the last improvement in Validation NDCG/HR
Epoch 121 trg loss:4.520022715841021
Epoch 122 trg loss:4.479015703712191
Epoch 123 trg loss:4.976170429161617
Epoch 124 trg loss:4.740798958710262
Epoch 125 trg loss:4.218899526766369
EvaluatingTesting on epoch 125...
M: 7144 / 7144 NDCG_m: 0.06469312436617805, HT_m: 0.13815789473684212, avgrank_m: 45.556830907054874
A: 1318 / 7144 NDCG_a: 0.06253229129316998, HT_a: 0.12898330804248861, avgrank_a: 45.1236722306525
B: 3208 / 7144 NDCG_b: 0.8250474441160461, HT_b: 0.9130299251870324, avgrank_b: 2.901496259351621
Validating on epoch 125
M: 7144 / 7144 NDCG_m: 0.07094549018689555, HT_m: 0.14473684210526316, avgrank_m: 43.83118701007839, val_loss_m: 3.492350322343534
A: 2837 / 7144 NDCG_a: 0.06877117923780822, HT_a: 0.14205146281283046, avgrank_a: 43.603101868170604, val_loss_a: 3.191706465107478
B: 4307 / 7144 NDCG_b: 0.768502868504778, HT_b: 0.8720687253308568, avgrank_b: 4.094497329928024, val_loss_b: 0.7846608148104551
epoch:125, time taken: 20.763576(s), valid (NDCG@10: 0.0709, HR@10: 0.1447, validLoss: 3.4924), test (NDCG@10: 0.0647, HR@10: 0.1382)
50 epochs since the last improvement in Validation NDCG/HR
Early stopping triggered at 125 epochs, after 50 epochs without improvement in Validaition NDCG/HR.