Epoch 1 trg loss:5.125036260911396
Epoch 2 trg loss:7.072767989976065
Epoch 3 trg loss:8.104060138974871
Epoch 4 trg loss:6.7807544980730325
Epoch 5 trg loss:9.222410440444946
EvaluatingTesting on epoch 5...
M: 7144 / 7144 NDCG_m: 0.07769506197155722, HT_m: 0.16895296752519598, avgrank_m: 42.40397536394177
A: 1318 / 7144 NDCG_a: 0.133009848385489, HT_a: 0.26403641881638845, avgrank_a: 35.92792109256449
B: 3208 / 7144 NDCG_b: 0.5640029958652341, HT_b: 0.80143391521197, avgrank_b: 9.461034912718205
Validating on epoch 5
M: 7144 / 7144 NDCG_m: 0.09173934341156491, HT_m: 0.1900895856662934, avgrank_m: 39.74160134378499, val_loss_m: 3.9814254149611026
A: 2837 / 7144 NDCG_a: 0.1377949442456833, HT_a: 0.2587240042298202, avgrank_a: 34.42580190341911, val_loss_a: 9.079169666888976B: 4307 / 7144 NDCG_b: 0.5850618956034498, HT_b: 0.8031112143022986, avgrank_b: 9.200835848618528, val_loss_b: 3.6209993272213667
epoch:5, time taken: 25.191351(s), valid (NDCG@10: 0.0917, HR@10: 0.1901, validLoss: 3.9814), test (NDCG@10: 0.0777, HR@10: 0.1690)
Epoch 6 trg loss:9.07155511208943
Epoch 7 trg loss:7.710714944771358
Epoch 8 trg loss:7.240067890712193
Epoch 9 trg loss:7.652180424758366
Epoch 10 trg loss:7.991832648004804
EvaluatingTesting on epoch 10...
M: 7144 / 7144 NDCG_m: 0.06260115554750366, HT_m: 0.135498320268757, avgrank_m: 48.12625979843225
A: 1318 / 7144 NDCG_a: 0.14164927932852353, HT_a: 0.26251896813353565, avgrank_a: 36.52731411229135
B: 3208 / 7144 NDCG_b: 0.7651901127344577, HT_b: 0.912718204488778, avgrank_b: 3.310162094763092
Validating on epoch 10
M: 7144 / 7144 NDCG_m: 0.07005306580268994, HT_m: 0.14683650615901456, avgrank_m: 45.08006718924972, val_loss_m: 3.569320496109138
A: 2837 / 7144 NDCG_a: 0.16055862071555085, HT_a: 0.3031371166725414, avgrank_a: 33.955939372576665, val_loss_a: 5.5231150226522425
B: 4307 / 7144 NDCG_b: 0.7417928393274014, HT_b: 0.8832133735778964, avgrank_b: 4.420942651497562, val_loss_b: 0.9872879992477684
epoch:10, time taken: 25.009197(s), valid (NDCG@10: 0.0701, HR@10: 0.1468, validLoss: 3.5693), test (NDCG@10: 0.0626, HR@10: 0.1355)
5 epochs since the last improvement in Validation NDCG/HR
Epoch 11 trg loss:7.53993730034147
Epoch 12 trg loss:7.255777861390795
Epoch 13 trg loss:8.894852331706456
Epoch 14 trg loss:7.885298737457821
Epoch 15 trg loss:7.674089440277645
EvaluatingTesting on epoch 15...
M: 7144 / 7144 NDCG_m: 0.08107093766891262, HT_m: 0.16349384098544234, avgrank_m: 45.349104143337065
A: 1318 / 7144 NDCG_a: 0.117739929474086, HT_a: 0.21851289833080426, avgrank_a: 38.551593323217  
B: 3208 / 7144 NDCG_b: 0.5720220648444756, HT_b: 0.8781172069825436, avgrank_b: 5.178304239401497
Validating on epoch 15
M: 7144 / 7144 NDCG_m: 0.08557747762469017, HT_m: 0.17511198208286674, avgrank_m: 42.45646696528556, val_loss_m: 6.270342007179276
A: 2837 / 7144 NDCG_a: 0.11828659339430293, HT_a: 0.22594289742685936, avgrank_a: 36.85477617201269, val_loss_a: 4.884909037956269
B: 4307 / 7144 NDCG_b: 0.5466914257827651, HT_b: 0.8421174831669376, avgrank_b: 6.473879730671, val_loss_b: 1.4430619025430382  
epoch:15, time taken: 25.123422(s), valid (NDCG@10: 0.0856, HR@10: 0.1751, validLoss: 6.2703), test (NDCG@10: 0.0811, HR@10: 0.1635)
10 epochs since the last improvement in Validation NDCG/HR
Epoch 16 trg loss:7.847873364176069
Epoch 17 trg loss:6.635017693042755
Epoch 18 trg loss:7.505059685025897
Epoch 19 trg loss:8.239042001111168
Epoch 20 trg loss:7.464200130530766
EvaluatingTesting on epoch 20...
M: 7144 / 7144 NDCG_m: 0.09519166870175823, HT_m: 0.1874300111982083, avgrank_m: 42.04941209406495
A: 1318 / 7144 NDCG_a: 0.07182184356656995, HT_a: 0.1433990895295903, avgrank_a: 43.17223065250379
B: 3208 / 7144 NDCG_b: 0.6340155066592942, HT_b: 0.8045511221945137, avgrank_b: 9.391209476309227 
Validating on epoch 20
M: 7144 / 7144 NDCG_m: 0.10215297286157864, HT_m: 0.208006718924972, avgrank_m: 39.94008958566629, val_loss_m: 3.503089025433093A: 2837 / 7144 NDCG_a: 0.09718525465013139, HT_a: 0.18822700035248502, avgrank_a: 40.725766654917166, val_loss_a: 4.755415660502165
B: 4307 / 7144 NDCG_b: 0.631165095124582, HT_b: 0.8035755746459252, avgrank_b: 9.273043882052473, val_loss_b: 2.8076684297978645epoch:20, time taken: 25.147363(s), valid (NDCG@10: 0.1022, HR@10: 0.2080, validLoss: 3.5031), test (NDCG@10: 0.0952, HR@10: 0.1874)
Epoch 21 trg loss:7.717549630573818
Epoch 22 trg loss:7.221685230731964
Epoch 23 trg loss:7.737487835543496
Epoch 24 trg loss:8.137854567595891
Epoch 25 trg loss:7.7512065172195435
EvaluatingTesting on epoch 25...
M: 7144 / 7144 NDCG_m: 0.04777310867881643, HT_m: 0.10708286674132139, avgrank_m: 50.56382978723404
A: 1318 / 7144 NDCG_a: 0.09507643897273166, HT_a: 0.17905918057663125, avgrank_a: 40.598634294385434
B: 3208 / 7144 NDCG_b: 0.7658210178692415, HT_b: 0.8862219451371571, avgrank_b: 4.13715710723192    
Validating on epoch 25
M: 7144 / 7144 NDCG_m: 0.04857810719664594, HT_m: 0.10694288913773796, avgrank_m: 49.44904815229563, val_loss_m: 5.43246702225785
A: 2837 / 7144 NDCG_a: 0.10633138421435984, HT_a: 0.19985900599224532, avgrank_a: 39.298554811420516, val_loss_a: 4.397945081174983
B: 4307 / 7144 NDCG_b: 0.7490890316711496, HT_b: 0.8734618063617368, avgrank_b: 4.52751335035988, val_loss_b: 1.2212283950050786epoch:25, time taken: 25.091169(s), valid (NDCG@10: 0.0486, HR@10: 0.1069, validLoss: 5.4325), test (NDCG@10: 0.0478, HR@10: 0.1071)
5 epochs since the last improvement in Validation NDCG/HR
Epoch 26 trg loss:6.9635293909481595
Epoch 27 trg loss:8.027199745178223
Epoch 28 trg loss:7.855707568781717
Epoch 29 trg loss:6.758454629353115
Epoch 30 trg loss:6.96937905890601
EvaluatingTesting on epoch 30...
M: 7144 / 7144 NDCG_m: 0.061742423309978006, HT_m: 0.125979843225084, avgrank_m: 48.1951287793953
A: 1318 / 7144 NDCG_a: 0.06880434010224325, HT_a: 0.14036418816388468, avgrank_a: 41.90667678300455
B: 3208 / 7144 NDCG_b: 0.611402947617798, HT_b: 0.7839775561097256, avgrank_b: 11.256546134663342
Validating on epoch 30
M: 7144 / 7144 NDCG_m: 0.06000458052727618, HT_m: 0.12430011198208286, avgrank_m: 46.7744960806271, val_loss_m: 5.016692883824181
A: 2837 / 7144 NDCG_a: 0.08133795777410854, HT_a: 0.16531547409235106, avgrank_a: 40.84666901656679, val_loss_a: 5.763784346338473
B: 4307 / 7144 NDCG_b: 0.6060987308011191, HT_b: 0.7752495936846994, avgrank_b: 10.696076155096355, val_loss_b: 2.5484717126381295
epoch:30, time taken: 25.221951(s), valid (NDCG@10: 0.0600, HR@10: 0.1243, validLoss: 5.0167), test (NDCG@10: 0.0617, HR@10: 0.1260)
10 epochs since the last improvement in Validation NDCG/HR
Epoch 31 trg loss:8.22100726195744
Epoch 32 trg loss:7.714107649666922
Epoch 33 trg loss:6.451683138098035
Epoch 34 trg loss:7.058491800512586
Epoch 35 trg loss:8.322687591825213
EvaluatingTesting on epoch 35...
M: 7144 / 7144 NDCG_m: 0.12074356536118225, HT_m: 0.2305431131019037, avgrank_m: 40.796752519596865
A: 1318 / 7144 NDCG_a: 0.15034688050454267, HT_a: 0.291350531107739, avgrank_a: 36.00379362670713
B: 3208 / 7144 NDCG_b: 0.6693620189116317, HT_b: 0.8572319201995012, avgrank_b: 6.447319201995012
Validating on epoch 35
M: 7144 / 7144 NDCG_m: 0.14249220952237387, HT_m: 0.2588185890257559, avgrank_m: 36.91881298992161, val_loss_m: 6.963887986517433
A: 2837 / 7144 NDCG_a: 0.1670414963263215, HT_a: 0.314416637292915, avgrank_a: 32.83362707084949, val_loss_a: 4.968732047467573 
B: 4307 / 7144 NDCG_b: 0.6570406102172047, HT_b: 0.8514046900394706, avgrank_b: 6.669839795681449, val_loss_b: 1.6834148522652383
epoch:35, time taken: 25.025873(s), valid (NDCG@10: 0.1425, HR@10: 0.2588, validLoss: 6.9639), test (NDCG@10: 0.1207, HR@10: 0.2305)
Epoch 36 trg loss:7.0768362283706665
Epoch 37 trg loss:6.756248082433428
Epoch 38 trg loss:6.97790881565639
Epoch 39 trg loss:7.440763703414372
Epoch 40 trg loss:6.373643824032375
EvaluatingTesting on epoch 40...
B: 3208 / 7144 NDCG_b: 0.6693620189116317, HT_b: 0.8572319201995012, avgrank_b: 6.447319201995012
Validating on epoch 35
M: 7144 / 7144 NDCG_m: 0.14249220952237387, HT_m: 0.2588185890257559, avgrank_m: 36.91881298992161, val_loss_m: 6.963887986517433
A: 2837 / 7144 NDCG_a: 0.1670414963263215, HT_a: 0.314416637292915, avgrank_a: 32.83362707084949, val_loss_a: 4.968732047467573 
B: 4307 / 7144 NDCG_b: 0.6570406102172047, HT_b: 0.8514046900394706, avgrank_b: 6.669839795681449, val_loss_b: 1.6834148522652383
epoch:35, time taken: 25.025873(s), valid (NDCG@10: 0.1425, HR@10: 0.2588, validLoss: 6.9639), test (NDCG@10: 0.1207, HR@10: 0.2305)
Epoch 36 trg loss:7.0768362283706665
Epoch 37 trg loss:6.756248082433428
Epoch 38 trg loss:6.97790881565639
Epoch 39 trg loss:7.440763703414372
Epoch 40 trg loss:6.373643824032375
EvaluatingTesting on epoch 40...
Validating on epoch 35
M: 7144 / 7144 NDCG_m: 0.14249220952237387, HT_m: 0.2588185890257559, avgrank_m: 36.91881298992161, val_loss_m: 6.963887986517433
A: 2837 / 7144 NDCG_a: 0.1670414963263215, HT_a: 0.314416637292915, avgrank_a: 32.83362707084949, val_loss_a: 4.968732047467573 
B: 4307 / 7144 NDCG_b: 0.6570406102172047, HT_b: 0.8514046900394706, avgrank_b: 6.669839795681449, val_loss_b: 1.6834148522652383
epoch:35, time taken: 25.025873(s), valid (NDCG@10: 0.1425, HR@10: 0.2588, validLoss: 6.9639), test (NDCG@10: 0.1207, HR@10: 0.2305)
Epoch 36 trg loss:7.0768362283706665
Epoch 37 trg loss:6.756248082433428
Epoch 38 trg loss:6.97790881565639
Epoch 39 trg loss:7.440763703414372
Epoch 40 trg loss:6.373643824032375
EvaluatingTesting on epoch 40...
A: 2837 / 7144 NDCG_a: 0.1670414963263215, HT_a: 0.314416637292915, avgrank_a: 32.83362707084949, val_loss_a: 4.968732047467573 
B: 4307 / 7144 NDCG_b: 0.6570406102172047, HT_b: 0.8514046900394706, avgrank_b: 6.669839795681449, val_loss_b: 1.6834148522652383
epoch:35, time taken: 25.025873(s), valid (NDCG@10: 0.1425, HR@10: 0.2588, validLoss: 6.9639), test (NDCG@10: 0.1207, HR@10: 0.2305)
Epoch 36 trg loss:7.0768362283706665
Epoch 37 trg loss:6.756248082433428
Epoch 38 trg loss:6.97790881565639
Epoch 39 trg loss:7.440763703414372
Epoch 40 trg loss:6.373643824032375
EvaluatingTesting on epoch 40...
epoch:35, time taken: 25.025873(s), valid (NDCG@10: 0.1425, HR@10: 0.2588, validLoss: 6.9639), test (NDCG@10: 0.1207, HR@10: 0.2305)
Epoch 36 trg loss:7.0768362283706665
Epoch 37 trg loss:6.756248082433428
Epoch 38 trg loss:6.97790881565639
Epoch 39 trg loss:7.440763703414372
Epoch 40 trg loss:6.373643824032375
EvaluatingTesting on epoch 40...
Epoch 37 trg loss:6.756248082433428
Epoch 38 trg loss:6.97790881565639
Epoch 39 trg loss:7.440763703414372
Epoch 40 trg loss:6.373643824032375
EvaluatingTesting on epoch 40...
M: 7144 / 7144 NDCG_m: 0.09082443248723211, HT_m: 0.18505039193729003, avgrank_m: 42.61268197088466
A: 1318 / 7144 NDCG_a: 0.09761881268500024, HT_a: 0.20257966616084977, avgrank_a: 39.4597875569044
B: 3208 / 7144 NDCG_b: 0.6547229381206128, HT_b: 0.8114089775561097, avgrank_b: 8.779613466334165
Validating on epoch 40
M: 7144 / 7144 NDCG_m: 0.09623335807729504, HT_m: 0.19330907054871221, avgrank_m: 40.63549832026876, val_loss_m: 3.9370686792563085
M: 7144 / 7144 NDCG_m: 0.09082443248723211, HT_m: 0.18505039193729003, avgrank_m: 42.61268197088466
A: 1318 / 7144 NDCG_a: 0.09761881268500024, HT_a: 0.20257966616084977, avgrank_a: 39.4597875569044
B: 3208 / 7144 NDCG_b: 0.6547229381206128, HT_b: 0.8114089775561097, avgrank_b: 8.779613466334165
Validating on epoch 40
M: 7144 / 7144 NDCG_m: 0.09623335807729504, HT_m: 0.19330907054871221, avgrank_m: 40.63549832026876, val_loss_m: 3.9370686792563085
A: 2837 / 7144 NDCG_a: 0.11634745149037247, HT_a: 0.23052520267888615, avgrank_a: 38.05851251321819, val_loss_a: 3.429161790321106
B: 4307 / 7144 NDCG_b: 0.650162558609469, HT_b: 0.811237520315765, avgrank_b: 8.443464128163455, val_loss_b: 2.626741936831234  
epoch:40, time taken: 25.058026(s), valid (NDCG@10: 0.0962, HR@10: 0.1933, validLoss: 3.9371), test (NDCG@10: 0.0908, HR@10: 0.1851)
A: 2837 / 7144 NDCG_a: 0.11634745149037247, HT_a: 0.23052520267888615, avgrank_a: 38.05851251321819, val_loss_a: 3.429161790321106
B: 4307 / 7144 NDCG_b: 0.650162558609469, HT_b: 0.811237520315765, avgrank_b: 8.443464128163455, val_loss_b: 2.626741936831234  
epoch:40, time taken: 25.058026(s), valid (NDCG@10: 0.0962, HR@10: 0.1933, validLoss: 3.9371), test (NDCG@10: 0.0908, HR@10: 0.1851)
5 epochs since the last improvement in Validation NDCG/HR
Epoch 41 trg loss:5.969064925398145
Epoch 42 trg loss:6.730373246329171
5 epochs since the last improvement in Validation NDCG/HR
Epoch 41 trg loss:5.969064925398145
Epoch 42 trg loss:6.730373246329171
Epoch 43 trg loss:8.732126321111407
Epoch 44 trg loss:8.717143263135638
Epoch 45 trg loss:8.15203468288694
EvaluatingTesting on epoch 45...
M: 7144 / 7144 NDCG_m: 0.07181248261373165, HT_m: 0.14501679731243, avgrank_m: 46.820408734602466
Epoch 43 trg loss:8.732126321111407
Epoch 44 trg loss:8.717143263135638
Epoch 45 trg loss:8.15203468288694
EvaluatingTesting on epoch 45...
M: 7144 / 7144 NDCG_m: 0.07181248261373165, HT_m: 0.14501679731243, avgrank_m: 46.820408734602466
A: 1318 / 7144 NDCG_a: 0.10836359088155204, HT_a: 0.21396054628224584, avgrank_a: 40.49165402124431
B: 3208 / 7144 NDCG_b: 0.7500840345056156, HT_b: 0.9114713216957606, avgrank_b: 3.6200124688279303
Validating on epoch 45
M: 7144 / 7144 NDCG_m: 0.07622212608340057, HT_m: 0.15649496080627098, avgrank_m: 43.78079507278835, val_loss_m: 4.8473449995342A: 1318 / 7144 NDCG_a: 0.10836359088155204, HT_a: 0.21396054628224584, avgrank_a: 40.49165402124431
B: 3208 / 7144 NDCG_b: 0.7500840345056156, HT_b: 0.9114713216957606, avgrank_b: 3.6200124688279303
Validating on epoch 45
M: 7144 / 7144 NDCG_m: 0.07622212608340057, HT_m: 0.15649496080627098, avgrank_m: 43.78079507278835, val_loss_m: 4.847344999534285
A: 2837 / 7144 NDCG_a: 0.12383654729795704, HT_a: 0.2446246034543532, avgrank_a: 37.64610504053578, val_loss_a: 4.726742390641705
B: 4307 / 7144 NDCG_b: 0.7251190912507828, HT_b: 0.8832133735778964, avgrank_b: 4.390527048990016, val_loss_b: 1.32905366062938085
A: 2837 / 7144 NDCG_a: 0.12383654729795704, HT_a: 0.2446246034543532, avgrank_a: 37.64610504053578, val_loss_a: 4.726742390641705
B: 4307 / 7144 NDCG_b: 0.7251190912507828, HT_b: 0.8832133735778964, avgrank_b: 4.390527048990016, val_loss_b: 1.3290536606293808
8
epoch:45, time taken: 25.041481(s), valid (NDCG@10: 0.0762, HR@10: 0.1565, validLoss: 4.8473), test (NDCG@10: 0.0718, HR@10: 0.1epoch:45, time taken: 25.041481(s), valid (NDCG@10: 0.0762, HR@10: 0.1565, validLoss: 4.8473), test (NDCG@10: 0.0718, HR@10: 0.1450)
10 epochs since the last improvement in Validation NDCG/HR
Epoch 46 trg loss:7.704842916556767
Epoch 47 trg loss:7.552619610513959
Epoch 48 trg loss:7.156475407736642
Epoch 49 trg loss:6.381619964327131
Epoch 50 trg loss:6.390272838728769
EvaluatingTesting on epoch 50...
M: 7144 / 7144 NDCG_m: 0.05558427074196926, HT_m: 0.11982082866741321, avgrank_m: 47.733622620380736
A: 1318 / 7144 NDCG_a: 0.10411185451472486, HT_a: 0.21927162367223066, avgrank_a: 38.220030349013655
B: 3208 / 7144 NDCG_b: 0.6213047335151151, HT_b: 0.8435162094763092, avgrank_b: 5.008104738154613   
Validating on epoch 50
M: 7144 / 7144 NDCG_m: 0.061783682243488944, HT_m: 0.13101903695408734, avgrank_m: 45.29941209406495, val_loss_m: 5.432219521512777
A: 2837 / 7144 NDCG_a: 0.1188273923182106, HT_a: 0.23545999295029962, avgrank_a: 37.28727529080014, val_loss_a: 3.889885976884329
B: 4307 / 7144 NDCG_b: 0.6082476514011628, HT_b: 0.8249361504527514, avgrank_b: 5.816345484095658, val_loss_b: 1.3393719131483788
epoch:50, time taken: 25.157568(s), valid (NDCG@10: 0.0618, HR@10: 0.1310, validLoss: 5.4322), test (NDCG@10: 0.0556, HR@10: 0.1198)
15 epochs since the last improvement in Validation NDCG/HR
Epoch 51 trg loss:6.93912981237684
Epoch 52 trg loss:7.3966198308127264
Epoch 53 trg loss:8.129311774458204
Epoch 54 trg loss:8.59163830110005
Epoch 55 trg loss:8.226874683584485
EvaluatingTesting on epoch 55...
M: 7144 / 7144 NDCG_m: 0.11046098570646243, HT_m: 0.2152855543113102, avgrank_m: 40.266517357222845
A: 1318 / 7144 NDCG_a: 0.10545244071556292, HT_a: 0.212443095599393, avgrank_a: 38.67905918057663
B: 3208 / 7144 NDCG_b: 0.7008967974853693, HT_b: 0.8575436408977556, avgrank_b: 5.081047381546135
Validating on epoch 55
M: 7144 / 7144 NDCG_m: 0.12497749130094174, HT_m: 0.23642217245240763, avgrank_m: 37.640397536394175, val_loss_m: 5.740348098284387
A: 2837 / 7144 NDCG_a: 0.11462522477681272, HT_a: 0.2195981670778992, avgrank_a: 37.473387381036304, val_loss_a: 6.3146547921997245
B: 4307 / 7144 NDCG_b: 0.6699305477921901, HT_b: 0.8270257719990712, avgrank_b: 5.901787787322963, val_loss_b: 1.7084354851243528
epoch:55, time taken: 24.997658(s), valid (NDCG@10: 0.1250, HR@10: 0.2364, validLoss: 5.7403), test (NDCG@10: 0.1105, HR@10: 0.2153)
20 epochs since the last improvement in Validation NDCG/HR
Epoch 56 trg loss:8.265485346317291
Epoch 57 trg loss:7.748083097594125
Epoch 58 trg loss:7.681859697614398
Epoch 59 trg loss:8.115424590451378
Epoch 60 trg loss:7.793416593755994
EvaluatingTesting on epoch 60...
M: 7144 / 7144 NDCG_m: 0.10156519161964253, HT_m: 0.1980683090705487, avgrank_m: 41.172172452407615
A: 1318 / 7144 NDCG_a: 0.08131090548312302, HT_a: 0.16236722306525037, avgrank_a: 42.5144157814871
B: 3208 / 7144 NDCG_b: 0.708505371557128, HT_b: 0.8678304239401496, avgrank_b: 5.229426433915212
Validating on epoch 60
M: 7144 / 7144 NDCG_m: 0.11264960451670444, HT_m: 0.2158454647256439, avgrank_m: 39.096724524076144, val_loss_m: 5.383535667386194
A: 2837 / 7144 NDCG_a: 0.09982930473435313, HT_a: 0.18893197039125836, avgrank_a: 40.3651744800846, val_loss_a: 5.682626261272437
B: 4307 / 7144 NDCG_b: 0.6958538153450772, HT_b: 0.8553517529602972, avgrank_b: 5.633851869050383, val_loss_b: 1.903488527507711epoch:60, time taken: 25.286970(s), valid (NDCG@10: 0.1126, HR@10: 0.2158, validLoss: 5.3835), test (NDCG@10: 0.1016, HR@10: 0.1981)
25 epochs since the last improvement in Validation NDCG/HR
Epoch 61 trg loss:7.5287860717092245
Epoch 62 trg loss:7.842722713947296
Epoch 63 trg loss:7.356784573623112
Epoch 64 trg loss:6.918916233948299
Epoch 65 trg loss:6.640510831560407
EvaluatingTesting on epoch 65...
M: 7144 / 7144 NDCG_m: 0.08243380710990018, HT_m: 0.17007278835386339, avgrank_m: 44.026595744680854
A: 1318 / 7144 NDCG_a: 0.08513910224881839, HT_a: 0.18437025796661607, avgrank_a: 39.72761760242792
B: 3208 / 7144 NDCG_b: 0.7966713844301687, HT_b: 0.922069825436409, avgrank_b: 3.0056109725685785
Validating on epoch 65
M: 7144 / 7144 NDCG_m: 0.0914584193797577, HT_m: 0.18043113101903696, avgrank_m: 41.662374020156776, val_loss_m: 4.667527623749927
A: 2837 / 7144 NDCG_a: 0.08864468059781719, HT_a: 0.18928445541064504, avgrank_a: 39.156503348607686, val_loss_a: 4.0694306167364545
B: 4307 / 7144 NDCG_b: 0.7663669926533772, HT_b: 0.8897144183886696, avgrank_b: 3.9477594613420015, val_loss_b: 1.609932480204789
epoch:65, time taken: 25.155271(s), valid (NDCG@10: 0.0915, HR@10: 0.1804, validLoss: 4.6675), test (NDCG@10: 0.0824, HR@10: 0.1701)
30 epochs since the last improvement in Validation NDCG/HR
Epoch 66 trg loss:6.808598646095821
Epoch 67 trg loss:7.566870008196149
Epoch 68 trg loss:7.476157477923802
Epoch 69 trg loss:7.389032678944724
Epoch 70 trg loss:7.63585752248764
EvaluatingTesting on epoch 70...
M: 7144 / 7144 NDCG_m: 0.07215083372373973, HT_m: 0.15593505039193728, avgrank_m: 43.682530795072786
A: 1318 / 7144 NDCG_a: 0.06602410833159848, HT_a: 0.1426403641881639, avgrank_a: 45.06525037936267
B: 3208 / 7144 NDCG_b: 0.7643977967395242, HT_b: 0.8946384039900249, avgrank_b: 3.5766832917705735
Validating on epoch 70
M: 7144 / 7144 NDCG_m: 0.08630257529561225, HT_m: 0.17483202687569988, avgrank_m: 41.6570548712206, val_loss_m: 4.979322756257863
A: 2837 / 7144 NDCG_a: 0.07250187430015803, HT_a: 0.15685583362707084, avgrank_a: 42.68875572788156, val_loss_a: 6.217293434593516
B: 4307 / 7144 NDCG_b: 0.7368541930467112, HT_b: 0.8704434641281634, avgrank_b: 4.425818435105642, val_loss_b: 1.480935053587209epoch:70, time taken: 25.116044(s), valid (NDCG@10: 0.0863, HR@10: 0.1748, validLoss: 4.9793), test (NDCG@10: 0.0722, HR@10: 0.1559)
35 epochs since the last improvement in Validation NDCG/HR
Epoch 71 trg loss:7.873098756585803
Epoch 72 trg loss:7.839454880782536
Epoch 73 trg loss:7.467773011752537
Epoch 74 trg loss:7.441251388617924
Epoch 75 trg loss:8.005501883370536
EvaluatingTesting on epoch 75...
M: 7144 / 7144 NDCG_m: 0.09497780259229505, HT_m: 0.18575027995520715, avgrank_m: 42.36268197088466
A: 1318 / 7144 NDCG_a: 0.10205485674698528, HT_a: 0.19575113808801214, avgrank_a: 40.47192716236722
B: 3208 / 7144 NDCG_b: 0.7591171368339006, HT_b: 0.8877805486284289, avgrank_b: 3.928927680798005
Validating on epoch 75
M: 7144 / 7144 NDCG_m: 0.11410270105470241, HT_m: 0.21780515117581187, avgrank_m: 39.65803471444569, val_loss_m: 5.951251671594241
A: 2837 / 7144 NDCG_a: 0.1229176322789392, HT_a: 0.23158265773704617, avgrank_a: 37.924920690870636, val_loss_a: 5.872624663009079
B: 4307 / 7144 NDCG_b: 0.7371693577425076, HT_b: 0.87299744601811, avgrank_b: 4.5518922684002785, val_loss_b: 1.6895442522884052epoch:75, time taken: 25.049717(s), valid (NDCG@10: 0.1141, HR@10: 0.2178, validLoss: 5.9513), test (NDCG@10: 0.0950, HR@10: 0.1858)
40 epochs since the last improvement in Validation NDCG/HR
Epoch 76 trg loss:7.705372342041561
Epoch 77 trg loss:7.266842356749943
Epoch 78 trg loss:7.1544197116579324
Epoch 79 trg loss:7.62281539610454
Epoch 80 trg loss:8.182641063417707
EvaluatingTesting on epoch 80...
M: 7144 / 7144 NDCG_m: 0.0936085619215487, HT_m: 0.18183090705487123, avgrank_m: 43.10400335946249
A: 1318 / 7144 NDCG_a: 0.12218718411721174, HT_a: 0.22154779969650987, avgrank_a: 39.21471927162367
B: 3208 / 7144 NDCG_b: 0.7539228571551237, HT_b: 0.8943266832917706, avgrank_b: 3.628428927680798
Validating on epoch 80
M: 7144 / 7144 NDCG_m: 0.10237621117045465, HT_m: 0.19918812989921614, avgrank_m: 39.68812989921612, val_loss_m: 5.61762902325839
A: 2837 / 7144 NDCG_a: 0.12452000219943794, HT_a: 0.225237927388086, avgrank_a: 36.898836799436026, val_loss_a: 6.034841442889717
B: 4307 / 7144 NDCG_b: 0.7339234987264309, HT_b: 0.8690503830972834, avgrank_b: 4.397724634316229, val_loss_b: 1.6701179652107006
epoch:80, time taken: 26.144599(s), valid (NDCG@10: 0.1024, HR@10: 0.1992, validLoss: 5.6176), test (NDCG@10: 0.0936, HR@10: 0.1B: 4307 / 7144 NDCG_b: 0.7339234987264309, HT_b: 0.8690503830972834, avgrank_b: 4.397724634316229, val_loss_b: 1.6701179652107006
epoch:80, time taken: 26.144599(s), valid (NDCG@10: 0.1024, HR@10: 0.1992, validLoss: 5.6176), test (NDCG@10: 0.0936, HR@10: 0.1B: 4307 / 7144 NDCG_b: 0.7339234987264309, HT_b: 0.8690503830972834, avgrank_b: 4.397724634316229, val_loss_b: 1.6701179652107006
epoch:80, time taken: 26.144599(s), valid (NDCG@10: 0.1024, HR@10: 0.1992, validLoss: 5.6176), test (NDCG@10: 0.0936, HR@10: 0.1B: 4307 / 7144 NDCG_b: 0.7339234987264309, HT_b: 0.8690503830972834, avgrank_b: 4.397724634316229, val_loss_b: 1.6701179652107006
epoch:80, time taken: 26.144599(s), valid (NDCG@10: 0.1024, HR@10: 0.1992, validLoss: 5.6176), test (NDCG@10: 0.0936, HR@10: 0.1818)
B: 4307 / 7144 NDCG_b: 0.7339234987264309, HT_b: 0.8690503830972834, avgrank_b: 4.397724634316229, val_loss_b: 1.6701179652107006
epoch:80, time taken: 26.144599(s), valid (NDCG@10: 0.1024, HR@10: 0.1992, validLoss: 5.6176), test (NDCG@10: 0.0936, HR@10: 0.1B: 4307 / 7144 NDCG_b: 0.7339234987264309, HT_b: 0.8690503830972834, avgrank_b: 4.397724634316229, val_loss_b: 1.6701179652107006
B: 4307 / 7144 NDCG_b: 0.7339234987264309, HT_b: 0.8690503830972834, avgrank_b: 4.397724634316229, val_loss_b: 1.670117965210700B: 4307 / 7144 NDCG_b: 0.7339234987264309, HT_b: 0.8690503830972834, avgrank_b: 4.397724634316229, val_loss_b: 1.6701179652107006
epoch:80, time taken: 26.144599(s), valid (NDCG@10: 0.1024, HR@10: 0.1992, validLoss: 5.6176), test (NDCG@10: 0.0936, HR@10: 0.1818)
45 epochs since the last improvement in Validation NDCG/HR
Epoch 81 trg loss:7.623513059956687
Epoch 82 trg loss:7.323467143944332
Epoch 83 trg loss:7.549531110695431
Epoch 84 trg loss:8.004208777632032
Epoch 85 trg loss:7.614479260785239
EvaluatingTesting on epoch 85...
M: 7144 / 7144 NDCG_m: 0.09489723217903898, HT_m: 0.18575027995520715, avgrank_m: 42.02911534154535
A: 1318 / 7144 NDCG_a: 0.11745773995682296, HT_a: 0.21775417298937785, avgrank_a: 40.43930197268589
B: 3208 / 7144 NDCG_b: 0.8178575676768203, HT_b: 0.9223815461346634, avgrank_b: 2.7256857855361596
Validating on epoch 85
M: 7144 / 7144 NDCG_m: 0.10680243901880554, HT_m: 0.20716685330347145, avgrank_m: 39.31410974244121, val_loss_m: 5.079499131037299
A: 2837 / 7144 NDCG_a: 0.12612773241989947, HT_a: 0.23651744800845964, avgrank_a: 37.61720126894607, val_loss_a: 5.414297030641867
B: 4307 / 7144 NDCG_b: 0.7942787825369819, HT_b: 0.8959832830276294, avgrank_b: 3.5943812398421175, val_loss_b: 1.318032338649609
epoch:85, time taken: 26.588687(s), valid (NDCG@10: 0.1068, HR@10: 0.2072, validLoss: 5.0795), test (NDCG@10: 0.0949, HR@10: 0.1858)
50 epochs since the last improvement in Validation NDCG/HR
Early stopping triggered at 85 epochs, after 50 epochs without improvement in Validaition NDCG/HR.
Done