Epoch 1 trg loss:7.902155177933829
Epoch 2 trg loss:10.476893126964569
Epoch 3 trg loss:12.168334773608617
Epoch 4 trg loss:14.186015282358442
Epoch 5 trg loss:16.881532226290023
EvaluatingTesting on epoch 5...
M: 7144 / 7144 NDCG_m: 0.11872841555535622, HT_m: 0.2326427771556551, avgrank_m: 39.38157894736842
A: 1318 / 7144 NDCG_a: 0.12413419212115138, HT_a: 0.22382397572078908, avgrank_a: 37.22382397572079
B: 3208 / 7144 NDCG_b: 0.45708098902045363, HT_b: 0.7976932668329177, avgrank_b: 6.5953865336658355
Validating on epoch 5
M: 7144 / 7144 NDCG_m: 0.12393327764348347, HT_m: 0.24146136618141098, avgrank_m: 37.37639977603583, val_loss_m: 11.506479880677626
A: 2837 / 7144 NDCG_a: 0.13837516160004987, HT_a: 0.24109975326048644, avgrank_a: 35.500176242509696, val_loss_a: 6.90427100807586
B: 4307 / 7144 NDCG_b: 0.45173694375261636, HT_b: 0.7773392152310192, avgrank_b: 7.399582075690736, val_loss_b: 1.9902719630009342
epoch:5, time taken: 49.202231(s), valid (NDCG@10: 0.1239, HR@10: 0.2415, validLoss: 11.5065), test (NDCG@10: 0.1187, HR@10: 0.2326)
Epoch 6 trg loss:15.469058070863996
Epoch 7 trg loss:10.903031323637281
Epoch 8 trg loss:9.192962101527623
Epoch 9 trg loss:11.279999596732003
Epoch 10 trg loss:12.493562766483851
EvaluatingTesting on epoch 10...
M: 7144 / 7144 NDCG_m: 0.11231063700945375, HT_m: 0.20870660694288914, avgrank_m: 41.74622060470325
A: 1318 / 7144 NDCG_a: 0.03658480841107203, HT_a: 0.082701062215478, avgrank_a: 48.066009104704094
B: 3208 / 7144 NDCG_b: 0.5631881977407762, HT_b: 0.7727556109725686, avgrank_b: 6.841334164588528
Validating on epoch 10
M: 7144 / 7144 NDCG_m: 0.12049312449056002, HT_m: 0.22186450167973124, avgrank_m: 39.37304031354983, val_loss_m: 6.643105007082324
A: 2837 / 7144 NDCG_a: 0.041184036828952345, HT_a: 0.09305604511808248, avgrank_a: 47.156150863588294, val_loss_a: 7.300001059613852
B: 4307 / 7144 NDCG_b: 0.5417907825206041, HT_b: 0.7511028558161134, avgrank_b: 7.755282098908753, val_loss_b: 2.8522056631375445
epoch:10, time taken: 47.679650(s), valid (NDCG@10: 0.1205, HR@10: 0.2219, validLoss: 6.6431), test (NDCG@10: 0.1123, HR@10: 0.2087)
5 epochs since the last improvement in Validation NDCG/HR
Epoch 11 trg loss:13.569290467670985
Epoch 12 trg loss:14.760692272867475
Epoch 13 trg loss:13.553241678646632
Epoch 14 trg loss:14.952210417815618
Epoch 15 trg loss:15.211624298776899
EvaluatingTesting on epoch 15...
M: 7144 / 7144 NDCG_m: 0.09993247731164898, HT_m: 0.1963885778275476, avgrank_m: 43.67749160134378
A: 1318 / 7144 NDCG_a: 0.0942565055008142, HT_a: 0.18588770864946888, avgrank_a: 39.13657056145675
B: 3208 / 7144 NDCG_b: 0.4362922722054004, HT_b: 0.7060473815461347, avgrank_b: 11.909600997506235
Validating on epoch 15
M: 7144 / 7144 NDCG_m: 0.1082335668964081, HT_m: 0.21388577827547592, avgrank_m: 39.75237961926092, val_loss_m: 7.043175263541009
A: 2837 / 7144 NDCG_a: 0.11516682334317861, HT_a: 0.23264011279520622, avgrank_a: 36.511455763130066, val_loss_a: 7.974038363637578
B: 4307 / 7144 NDCG_b: 0.43908568970246686, HT_b: 0.7037381007661946, avgrank_b: 12.083120501509171, val_loss_b: 3.3251299740392426
epoch:15, time taken: 47.375430(s), valid (NDCG@10: 0.1082, HR@10: 0.2139, validLoss: 7.0432), test (NDCG@10: 0.0999, HR@10: 0.1964)
10 epochs since the last improvement in Validation NDCG/HR
Epoch 16 trg loss:13.126261847359794
Epoch 17 trg loss:12.43144064290183
Epoch 18 trg loss:14.606213825089592
Epoch 19 trg loss:13.638355953352791
Epoch 20 trg loss:13.38223125253405
EvaluatingTesting on epoch 20...
M: 7144 / 7144 NDCG_m: 0.10615189091490945, HT_m: 0.2011478163493841, avgrank_m: 42.326567749160134
A: 1318 / 7144 NDCG_a: 0.06080300976642448, HT_a: 0.13732928679817905, avgrank_a: 45.34218512898331
B: 3208 / 7144 NDCG_b: 0.6842758225626301, HT_b: 0.8831047381546134, avgrank_b: 4.191084788029925
Validating on epoch 20
M: 7144 / 7144 NDCG_m: 0.10723551675998239, HT_m: 0.20170772676371782, avgrank_m: 41.183510638297875, val_loss_m: 9.270980933962717
A: 2837 / 7144 NDCG_a: 0.06789655675064088, HT_a: 0.1339443073669369, avgrank_a: 44.42227705322524, val_loss_a: 9.499786832276305
B: 4307 / 7144 NDCG_b: 0.657312519592682, HT_b: 0.8469932667750174, avgrank_b: 5.327141862084978, val_loss_b: 1.972141843836643 
epoch:20, time taken: 47.607058(s), valid (NDCG@10: 0.1072, HR@10: 0.2017, validLoss: 9.2710), test (NDCG@10: 0.1062, HR@10: 0.2011)
15 epochs since the last improvement in Validation NDCG/HR
Epoch 21 trg loss:12.064488683428083
Epoch 22 trg loss:14.060679282460894
Epoch 23 trg loss:14.904101797512599
Epoch 24 trg loss:13.157899447849818
Epoch 25 trg loss:12.721380949020386
EvaluatingTesting on epoch 25...
M: 7144 / 7144 NDCG_m: 0.08705129935620076, HT_m: 0.17315229563269877, avgrank_m: 43.48978163493841
A: 1318 / 7144 NDCG_a: 0.04614180085620457, HT_a: 0.10015174506828528, avgrank_a: 46.2845220030349
B: 3208 / 7144 NDCG_b: 0.6022810258225966, HT_b: 0.7955112219451371, avgrank_b: 6.317331670822942
Validating on epoch 25
M: 7144 / 7144 NDCG_m: 0.0926502210708185, HT_m: 0.18617021276595744, avgrank_m: 40.76889697648376, val_loss_m: 8.589724814821732
A: 2837 / 7144 NDCG_a: 0.05079716164599865, HT_a: 0.11173775114557631, avgrank_a: 44.473387381036304, val_loss_a: 8.842838529301732
B: 4307 / 7144 NDCG_b: 0.5686196258594668, HT_b: 0.7689807290457394, avgrank_b: 7.361272347341537, val_loss_b: 2.8689265279529654
epoch:25, time taken: 48.042314(s), valid (NDCG@10: 0.0927, HR@10: 0.1862, validLoss: 8.5897), test (NDCG@10: 0.0871, HR@10: 0.1732)
20 epochs since the last improvement in Validation NDCG/HR
Epoch 26 trg loss:14.417764220918928
Epoch 27 trg loss:12.868489980697632
Epoch 28 trg loss:13.469280242919922
Epoch 29 trg loss:14.328269856316703
Epoch 30 trg loss:14.072453328541346
EvaluatingTesting on epoch 30...
M: 7144 / 7144 NDCG_m: 0.08626949589968526, HT_m: 0.17161254199328108, avgrank_m: 43.84602463605823
A: 1318 / 7144 NDCG_a: 0.09203726936513598, HT_a: 0.17830045523520485, avgrank_a: 42.165402124430955
B: 3208 / 7144 NDCG_b: 0.5452676886818185, HT_b: 0.7528054862842892, avgrank_b: 12.50218204488778
Validating on epoch 30
M: 7144 / 7144 NDCG_m: 0.09635942502780334, HT_m: 0.18575027995520715, avgrank_m: 41.61394176931691, val_loss_m: 9.85746303611213
A: 2837 / 7144 NDCG_a: 0.0876986402485936, HT_a: 0.16884032428621784, avgrank_a: 41.48219950652097, val_loss_a: 10.358523149745835
B: 4307 / 7144 NDCG_b: 0.5434003490524578, HT_b: 0.7506384954724866, avgrank_b: 12.199674947759462, val_loss_b: 3.392020628178012
epoch:30, time taken: 47.186557(s), valid (NDCG@10: 0.0964, HR@10: 0.1858, validLoss: 9.8575), test (NDCG@10: 0.0863, HR@10: 0.1716)
25 epochs since the last improvement in Validation NDCG/HR
Epoch 31 trg loss:13.60995692866189
Epoch 32 trg loss:14.777357612337385
Epoch 33 trg loss:14.394078288759504
Epoch 34 trg loss:14.258147546223231
Epoch 35 trg loss:14.049602712903704
EvaluatingTesting on epoch 35...
M: 7144 / 7144 NDCG_m: 0.09105055982572632, HT_m: 0.17791153415453528, avgrank_m: 43.20114781634938
A: 1318 / 7144 NDCG_a: 0.068656419483603, HT_a: 0.13505311077389984, avgrank_a: 46.28528072837633
B: 3208 / 7144 NDCG_b: 0.6199864566404529, HT_b: 0.8288653366583542, avgrank_b: 5.916770573566085
Validating on epoch 35
M: 7144 / 7144 NDCG_m: 0.09090502886464055, HT_m: 0.1801511758118701, avgrank_m: 41.2001679731243, val_loss_m: 10.818460992208921
A: 2837 / 7144 NDCG_a: 0.07995149833622503, HT_a: 0.15932322876277757, avgrank_a: 43.70567500881212, val_loss_a: 9.50939943876996
B: 4307 / 7144 NDCG_b: 0.5919982762058519, HT_b: 0.7938240074297654, avgrank_b: 6.876944508938936, val_loss_b: 2.479652300757268epoch:35, time taken: 47.852950(s), valid (NDCG@10: 0.0909, HR@10: 0.1802, validLoss: 10.8185), test (NDCG@10: 0.0911, HR@10: 0.1779)
30 epochs since the last improvement in Validation NDCG/HR
Epoch 36 trg loss:16.124101945332118
Epoch 37 trg loss:14.582312004906791
Epoch 38 trg loss:15.190652557781764
Epoch 39 trg loss:15.92619184085301
Epoch 40 trg loss:15.264481118747167
EvaluatingTesting on epoch 40...
M: 7144 / 7144 NDCG_m: 0.06099635039059384, HT_m: 0.12737961926091826, avgrank_m: 47.69204927211646
A: 1318 / 7144 NDCG_a: 0.1280637638570785, HT_a: 0.22230652503793627, avgrank_a: 39.97799696509863
B: 3208 / 7144 NDCG_b: 0.6825443069548288, HT_b: 0.7989401496259352, avgrank_b: 9.230985037406484
Validating on epoch 40
M: 7144 / 7144 NDCG_m: 0.06456544135700276, HT_m: 0.1360582306830907, avgrank_m: 45.39921612541993, val_loss_m: 9.013170088592329
A: 2837 / 7144 NDCG_a: 0.1543496443898296, HT_a: 0.2520267888614734, avgrank_a: 37.47550229115262, val_loss_a: 12.489362092811456
B: 4307 / 7144 NDCG_b: 0.6740129745725932, HT_b: 0.7980032505224054, avgrank_b: 8.813791502205712, val_loss_b: 4.962934355472699epoch:40, time taken: 47.261185(s), valid (NDCG@10: 0.0646, HR@10: 0.1361, validLoss: 9.0132), test (NDCG@10: 0.0610, HR@10: 0.1274)
35 epochs since the last improvement in Validation NDCG/HR
Epoch 41 trg loss:14.939122796058655
Epoch 42 trg loss:15.203625542776924
Epoch 43 trg loss:14.428347025598798
Epoch 44 trg loss:14.162075570651464
Epoch 45 trg loss:14.136662210736956
EvaluatingTesting on epoch 45...
M: 7144 / 7144 NDCG_m: 0.07990006841348665, HT_m: 0.15789473684210525, avgrank_m: 45.20632698768197
A: 1318 / 7144 NDCG_a: 0.08812730578611067, HT_a: 0.17981790591805766, avgrank_a: 42.03945371775417
B: 3208 / 7144 NDCG_b: 0.619070376735962, HT_b: 0.8182668329177057, avgrank_b: 10.138715710723192
Validating on epoch 45
M: 7144 / 7144 NDCG_m: 0.07864502506839621, HT_m: 0.15649496080627098, avgrank_m: 43.74706047032475, val_loss_m: 10.132924499730647
A: 2837 / 7144 NDCG_a: 0.08628511117448442, HT_a: 0.17941487486781812, avgrank_a: 41.03242862178357, val_loss_a: 12.26857700144526
B: 4307 / 7144 NDCG_b: 0.6224286560144029, HT_b: 0.8191316461574182, avgrank_b: 9.515207801253773, val_loss_b: 3.7433918926511103
epoch:45, time taken: 47.230145(s), valid (NDCG@10: 0.0786, HR@10: 0.1565, validLoss: 10.1329), test (NDCG@10: 0.0799, HR@10: 0.1579)
40 epochs since the last improvement in Validation NDCG/HR
Epoch 46 trg loss:16.29574957915715
Epoch 47 trg loss:14.340593780790057
Epoch 48 trg loss:13.622540320668902
Epoch 49 trg loss:14.31511836392539
Epoch 50 trg loss:15.191363964762006
EvaluatingTesting on epoch 50...
M: 7144 / 7144 NDCG_m: 0.11232158430637636, HT_m: 0.20940649496080627, avgrank_m: 41.43770996640537
A: 1318 / 7144 NDCG_a: 0.12234493652098188, HT_a: 0.23672230652503792, avgrank_a: 37.122913505311075
B: 3208 / 7144 NDCG_b: 0.6594800239955366, HT_b: 0.8413341645885287, avgrank_b: 8.765897755610972
Validating on epoch 50
M: 7144 / 7144 NDCG_m: 0.1163443828239557, HT_m: 0.21024636058230683, avgrank_m: 40.24118141097424, val_loss_m: 12.24484718706947
A: 2837 / 7144 NDCG_a: 0.12900245961497098, HT_a: 0.24180472329925978, avgrank_a: 36.10997532604864, val_loss_a: 8.73789074028467
B: 4307 / 7144 NDCG_b: 0.6514747063159771, HT_b: 0.8351520780125378, avgrank_b: 8.363361968887856, val_loss_b: 4.618643191984926epoch:50, time taken: 47.219700(s), valid (NDCG@10: 0.1163, HR@10: 0.2102, validLoss: 12.2448), test (NDCG@10: 0.1123, HR@10: 0.2094)
45 epochs since the last improvement in Validation NDCG/HR
Epoch 51 trg loss:13.30074828011649
Epoch 52 trg loss:12.977817918573107
Epoch 53 trg loss:15.458770854132515
Epoch 54 trg loss:14.56819999217987
Epoch 55 trg loss:13.212445735931396
EvaluatingTesting on epoch 55...
M: 7144 / 7144 NDCG_m: 0.049836789524624156, HT_m: 0.10918253079507279, avgrank_m: 49.402995520716686
A: 1318 / 7144 NDCG_a: 0.057202696484297794, HT_a: 0.1274658573596358, avgrank_a: 43.38846737481032
B: 3208 / 7144 NDCG_b: 0.6615094718665159, HT_b: 0.8363466334164589, avgrank_b: 5.632793017456359
Validating on epoch 55
M: 7144 / 7144 NDCG_m: 0.04829835751332596, HT_m: 0.10386338185890258, avgrank_m: 48.23894176931691, val_loss_m: 10.70176535888188
A: 2837 / 7144 NDCG_a: 0.05905018219052082, HT_a: 0.13006697215368346, avgrank_a: 42.32499118787452, val_loss_a: 8.19446073395289
B: 4307 / 7144 NDCG_b: 0.6497434430931792, HT_b: 0.8277223125145112, avgrank_b: 6.037148827490133, val_loss_b: 2.978161533249208epoch:55, time taken: 47.138947(s), valid (NDCG@10: 0.0483, HR@10: 0.1039, validLoss: 10.7018), test (NDCG@10: 0.0498, HR@10: 0.1092)
50 epochs since the last improvement in Validation NDCG/HR
Early stopping triggered at 55 epochs, after 50 epochs without improvement in Validaition NDCG/HR.